// Jest Snapshot v1, https://goo.gl/fbAQLP

exports[`SignUp snapshot 1`] = `
Object {
  "asFragment": [Function],
  "baseElement": <body>
    <div>
      <div
        class="sc-furwcr dQUzey"
      >
        <div
          class="sc-pVTFL ezaoeV"
        >
          <h1
            class="sc-jrQzAO jmSLwI"
          >
            Welcome TodoApp
          </h1>
          <p
            class="sc-kDTinF czu"
          >
            Sign in to create your to-do list
          </p>
        </div>
        <form
          class="sc-egiyK hHpytz"
        >
          <div
            class="sc-bdvvtL hjGchb"
          >
            <h3
              class="sc-gKclnd ja-dGn"
            >
              Email
            </h3>
            <div
              class="sc-gsDKAQ dOMZvd"
            >
              <input
                class="sc-eCImPb dEJXOL"
                name="email"
                placeholder="Email"
                type="text"
              />
            </div>
            <p
              class="sc-jRQBWg fUTGBT"
            />
          </div>
          <div
            class="sc-bdvvtL hjGchb"
          >
            <h3
              class="sc-gKclnd ja-dGn"
            >
              Password
            </h3>
            <div
              class="sc-gsDKAQ dOMZvd"
            >
              <input
                class="sc-eCImPb dEJXOL"
                name="password"
                placeholder="Password"
                type="password"
              />
              <svg
                class="sc-dkPtRN dEXmfz"
                data-testid="eye"
                fill="none"
                height="20"
                width="20"
                xmlns="http://www.w3.org/2000/svg"
              >
                <g
                  clip-path="url(#prefix__clip0_16:2527)"
                >
                  <path
                    clip-rule="evenodd"
                    d="M10 2.212c5.16 0 8.1 3.532 9.392 5.637a4.09 4.09 0 010 4.302C18.1 14.256 15.16 17.788 10 17.788c-5.16 0-8.1-3.532-9.392-5.637a4.09 4.09 0 010-4.302C1.9 5.744 4.84 2.212 10 2.212zm0 13.909c4.35 0 6.862-3.038 7.972-4.843a2.431 2.431 0 000-2.556C16.862 6.913 14.349 3.879 10 3.879c-4.35 0-6.862 3.038-7.972 4.843a2.432 2.432 0 000 2.556c1.11 1.805 3.623 4.843 7.972 4.843zM7.685 6.536a4.167 4.167 0 114.63 6.928 4.167 4.167 0 01-4.63-6.928zm.926 5.543A2.5 2.5 0 1011.39 7.92 2.5 2.5 0 008.61 12.08z"
                    fill="#50C2C9"
                    fill-rule="evenodd"
                  />
                </g>
                <defs>
                  <clippath
                    id="prefix__clip0_16:2527"
                  >
                    <path
                      d="M0 0h20v20H0z"
                      fill="#fff"
                    />
                  </clippath>
                </defs>
              </svg>
            </div>
            <p
              class="sc-jRQBWg fUTGBT"
            />
          </div>
          <button
            class="sc-iCfMLu bYqbJR"
          >
            Login
          </button>
          <div
            class="sc-iqseJM jkXJTx"
          >
            Don't you have an account ?
            <a
              href="/register"
            >
              <p
                class="sc-crHmcD cNJMxQ"
                data-testid="signupLink"
              >
                Sign Up
              </p>
            </a>
          </div>
        </form>
      </div>
      <div
        class="sc-furwcr dQUzey"
      >
        <div
          class="sc-pVTFL ezaoeV"
        >
          <h1
            class="sc-jrQzAO jmSLwI"
          >
            Register Account
          </h1>
          <p
            class="sc-kDTinF czu"
          >
            Sign up to create your to-do list
          </p>
        </div>
        <form
          class="sc-egiyK hHpytz"
        >
          <div
            class="sc-bdvvtL hjGchb"
          >
            <h3
              class="sc-gKclnd ja-dGn"
            >
              Fullname
            </h3>
            <div
              class="sc-gsDKAQ dOMZvd"
            >
              <input
                class="sc-eCImPb dEJXOL"
                name="fullname"
                placeholder="Full name"
                type="text"
              />
            </div>
            <p
              class="sc-jRQBWg fUTGBT"
            />
          </div>
          <div
            class="sc-bdvvtL hjGchb"
          >
            <h3
              class="sc-gKclnd ja-dGn"
            >
              Email
            </h3>
            <div
              class="sc-gsDKAQ dOMZvd"
            >
              <input
                class="sc-eCImPb dEJXOL"
                name="email"
                placeholder="Email"
                type="text"
              />
            </div>
            <p
              class="sc-jRQBWg fUTGBT"
            />
          </div>
          <div
            class="sc-bdvvtL hjGchb"
          >
            <h3
              class="sc-gKclnd ja-dGn"
            >
              Password
            </h3>
            <div
              class="sc-gsDKAQ dOMZvd"
            >
              <input
                class="sc-eCImPb dEJXOL"
                name="password"
                placeholder="Password"
                type="password"
              />
              <svg
                class="sc-dkPtRN dEXmfz"
                data-testid="eye"
                fill="none"
                height="20"
                width="20"
                xmlns="http://www.w3.org/2000/svg"
              >
                <g
                  clip-path="url(#prefix__clip0_16:2527)"
                >
                  <path
                    clip-rule="evenodd"
                    d="M10 2.212c5.16 0 8.1 3.532 9.392 5.637a4.09 4.09 0 010 4.302C18.1 14.256 15.16 17.788 10 17.788c-5.16 0-8.1-3.532-9.392-5.637a4.09 4.09 0 010-4.302C1.9 5.744 4.84 2.212 10 2.212zm0 13.909c4.35 0 6.862-3.038 7.972-4.843a2.431 2.431 0 000-2.556C16.862 6.913 14.349 3.879 10 3.879c-4.35 0-6.862 3.038-7.972 4.843a2.432 2.432 0 000 2.556c1.11 1.805 3.623 4.843 7.972 4.843zM7.685 6.536a4.167 4.167 0 114.63 6.928 4.167 4.167 0 01-4.63-6.928zm.926 5.543A2.5 2.5 0 1011.39 7.92 2.5 2.5 0 008.61 12.08z"
                    fill="#50C2C9"
                    fill-rule="evenodd"
                  />
                </g>
                <defs>
                  <clippath
                    id="prefix__clip0_16:2527"
                  >
                    <path
                      d="M0 0h20v20H0z"
                      fill="#fff"
                    />
                  </clippath>
                </defs>
              </svg>
            </div>
            <p
              class="sc-jRQBWg fUTGBT"
            />
          </div>
          <div
            class="sc-bdvvtL hjGchb"
          >
            <h3
              class="sc-gKclnd ja-dGn"
            >
              Password Again
            </h3>
            <div
              class="sc-gsDKAQ dOMZvd"
            >
              <input
                class="sc-eCImPb dEJXOL"
                name="passwordConfirmation"
                placeholder="Password Again"
                type="password"
              />
              <svg
                class="sc-dkPtRN dEXmfz"
                data-testid="eye"
                fill="none"
                height="20"
                width="20"
                xmlns="http://www.w3.org/2000/svg"
              >
                <g
                  clip-path="url(#prefix__clip0_16:2527)"
                >
                  <path
                    clip-rule="evenodd"
                    d="M10 2.212c5.16 0 8.1 3.532 9.392 5.637a4.09 4.09 0 010 4.302C18.1 14.256 15.16 17.788 10 17.788c-5.16 0-8.1-3.532-9.392-5.637a4.09 4.09 0 010-4.302C1.9 5.744 4.84 2.212 10 2.212zm0 13.909c4.35 0 6.862-3.038 7.972-4.843a2.431 2.431 0 000-2.556C16.862 6.913 14.349 3.879 10 3.879c-4.35 0-6.862 3.038-7.972 4.843a2.432 2.432 0 000 2.556c1.11 1.805 3.623 4.843 7.972 4.843zM7.685 6.536a4.167 4.167 0 114.63 6.928 4.167 4.167 0 01-4.63-6.928zm.926 5.543A2.5 2.5 0 1011.39 7.92 2.5 2.5 0 008.61 12.08z"
                    fill="#50C2C9"
                    fill-rule="evenodd"
                  />
                </g>
                <defs>
                  <clippath
                    id="prefix__clip0_16:2527"
                  >
                    <path
                      d="M0 0h20v20H0z"
                      fill="#fff"
                    />
                  </clippath>
                </defs>
              </svg>
            </div>
            <p
              class="sc-jRQBWg fUTGBT"
            />
          </div>
          <button
            class="sc-iCfMLu bYqbJR"
          >
            Register
          </button>
          <div
            class="sc-iqseJM jkXJTx"
          >
            Already have Account ?
            <a
              href="/login"
            >
              <p
                class="sc-crHmcD cNJMxQ"
                data-testid="signInLink"
              >
                Sign In
              </p>
            </a>
          </div>
        </form>
      </div>
    </div>
  </body>,
  "container": <div>
    <div
      class="sc-furwcr dQUzey"
    >
      <div
        class="sc-pVTFL ezaoeV"
      >
        <h1
          class="sc-jrQzAO jmSLwI"
        >
          Welcome TodoApp
        </h1>
        <p
          class="sc-kDTinF czu"
        >
          Sign in to create your to-do list
        </p>
      </div>
      <form
        class="sc-egiyK hHpytz"
      >
        <div
          class="sc-bdvvtL hjGchb"
        >
          <h3
            class="sc-gKclnd ja-dGn"
          >
            Email
          </h3>
          <div
            class="sc-gsDKAQ dOMZvd"
          >
            <input
              class="sc-eCImPb dEJXOL"
              name="email"
              placeholder="Email"
              type="text"
            />
          </div>
          <p
            class="sc-jRQBWg fUTGBT"
          />
        </div>
        <div
          class="sc-bdvvtL hjGchb"
        >
          <h3
            class="sc-gKclnd ja-dGn"
          >
            Password
          </h3>
          <div
            class="sc-gsDKAQ dOMZvd"
          >
            <input
              class="sc-eCImPb dEJXOL"
              name="password"
              placeholder="Password"
              type="password"
            />
            <svg
              class="sc-dkPtRN dEXmfz"
              data-testid="eye"
              fill="none"
              height="20"
              width="20"
              xmlns="http://www.w3.org/2000/svg"
            >
              <g
                clip-path="url(#prefix__clip0_16:2527)"
              >
                <path
                  clip-rule="evenodd"
                  d="M10 2.212c5.16 0 8.1 3.532 9.392 5.637a4.09 4.09 0 010 4.302C18.1 14.256 15.16 17.788 10 17.788c-5.16 0-8.1-3.532-9.392-5.637a4.09 4.09 0 010-4.302C1.9 5.744 4.84 2.212 10 2.212zm0 13.909c4.35 0 6.862-3.038 7.972-4.843a2.431 2.431 0 000-2.556C16.862 6.913 14.349 3.879 10 3.879c-4.35 0-6.862 3.038-7.972 4.843a2.432 2.432 0 000 2.556c1.11 1.805 3.623 4.843 7.972 4.843zM7.685 6.536a4.167 4.167 0 114.63 6.928 4.167 4.167 0 01-4.63-6.928zm.926 5.543A2.5 2.5 0 1011.39 7.92 2.5 2.5 0 008.61 12.08z"
                  fill="#50C2C9"
                  fill-rule="evenodd"
                />
              </g>
              <defs>
                <clippath
                  id="prefix__clip0_16:2527"
                >
                  <path
                    d="M0 0h20v20H0z"
                    fill="#fff"
                  />
                </clippath>
              </defs>
            </svg>
          </div>
          <p
            class="sc-jRQBWg fUTGBT"
          />
        </div>
        <button
          class="sc-iCfMLu bYqbJR"
        >
          Login
        </button>
        <div
          class="sc-iqseJM jkXJTx"
        >
          Don't you have an account ?
          <a
            href="/register"
          >
            <p
              class="sc-crHmcD cNJMxQ"
              data-testid="signupLink"
            >
              Sign Up
            </p>
          </a>
        </div>
      </form>
    </div>
    <div
      class="sc-furwcr dQUzey"
    >
      <div
        class="sc-pVTFL ezaoeV"
      >
        <h1
          class="sc-jrQzAO jmSLwI"
        >
          Register Account
        </h1>
        <p
          class="sc-kDTinF czu"
        >
          Sign up to create your to-do list
        </p>
      </div>
      <form
        class="sc-egiyK hHpytz"
      >
        <div
          class="sc-bdvvtL hjGchb"
        >
          <h3
            class="sc-gKclnd ja-dGn"
          >
            Fullname
          </h3>
          <div
            class="sc-gsDKAQ dOMZvd"
          >
            <input
              class="sc-eCImPb dEJXOL"
              name="fullname"
              placeholder="Full name"
              type="text"
            />
          </div>
          <p
            class="sc-jRQBWg fUTGBT"
          />
        </div>
        <div
          class="sc-bdvvtL hjGchb"
        >
          <h3
            class="sc-gKclnd ja-dGn"
          >
            Email
          </h3>
          <div
            class="sc-gsDKAQ dOMZvd"
          >
            <input
              class="sc-eCImPb dEJXOL"
              name="email"
              placeholder="Email"
              type="text"
            />
          </div>
          <p
            class="sc-jRQBWg fUTGBT"
          />
        </div>
        <div
          class="sc-bdvvtL hjGchb"
        >
          <h3
            class="sc-gKclnd ja-dGn"
          >
            Password
          </h3>
          <div
            class="sc-gsDKAQ dOMZvd"
          >
            <input
              class="sc-eCImPb dEJXOL"
              name="password"
              placeholder="Password"
              type="password"
            />
            <svg
              class="sc-dkPtRN dEXmfz"
              data-testid="eye"
              fill="none"
              height="20"
              width="20"
              xmlns="http://www.w3.org/2000/svg"
            >
              <g
                clip-path="url(#prefix__clip0_16:2527)"
              >
                <path
                  clip-rule="evenodd"
                  d="M10 2.212c5.16 0 8.1 3.532 9.392 5.637a4.09 4.09 0 010 4.302C18.1 14.256 15.16 17.788 10 17.788c-5.16 0-8.1-3.532-9.392-5.637a4.09 4.09 0 010-4.302C1.9 5.744 4.84 2.212 10 2.212zm0 13.909c4.35 0 6.862-3.038 7.972-4.843a2.431 2.431 0 000-2.556C16.862 6.913 14.349 3.879 10 3.879c-4.35 0-6.862 3.038-7.972 4.843a2.432 2.432 0 000 2.556c1.11 1.805 3.623 4.843 7.972 4.843zM7.685 6.536a4.167 4.167 0 114.63 6.928 4.167 4.167 0 01-4.63-6.928zm.926 5.543A2.5 2.5 0 1011.39 7.92 2.5 2.5 0 008.61 12.08z"
                  fill="#50C2C9"
                  fill-rule="evenodd"
                />
              </g>
              <defs>
                <clippath
                  id="prefix__clip0_16:2527"
                >
                  <path
                    d="M0 0h20v20H0z"
                    fill="#fff"
                  />
                </clippath>
              </defs>
            </svg>
          </div>
          <p
            class="sc-jRQBWg fUTGBT"
          />
        </div>
        <div
          class="sc-bdvvtL hjGchb"
        >
          <h3
            class="sc-gKclnd ja-dGn"
          >
            Password Again
          </h3>
          <div
            class="sc-gsDKAQ dOMZvd"
          >
            <input
              class="sc-eCImPb dEJXOL"
              name="passwordConfirmation"
              placeholder="Password Again"
              type="password"
            />
            <svg
              class="sc-dkPtRN dEXmfz"
              data-testid="eye"
              fill="none"
              height="20"
              width="20"
              xmlns="http://www.w3.org/2000/svg"
            >
              <g
                clip-path="url(#prefix__clip0_16:2527)"
              >
                <path
                  clip-rule="evenodd"
                  d="M10 2.212c5.16 0 8.1 3.532 9.392 5.637a4.09 4.09 0 010 4.302C18.1 14.256 15.16 17.788 10 17.788c-5.16 0-8.1-3.532-9.392-5.637a4.09 4.09 0 010-4.302C1.9 5.744 4.84 2.212 10 2.212zm0 13.909c4.35 0 6.862-3.038 7.972-4.843a2.431 2.431 0 000-2.556C16.862 6.913 14.349 3.879 10 3.879c-4.35 0-6.862 3.038-7.972 4.843a2.432 2.432 0 000 2.556c1.11 1.805 3.623 4.843 7.972 4.843zM7.685 6.536a4.167 4.167 0 114.63 6.928 4.167 4.167 0 01-4.63-6.928zm.926 5.543A2.5 2.5 0 1011.39 7.92 2.5 2.5 0 008.61 12.08z"
                  fill="#50C2C9"
                  fill-rule="evenodd"
                />
              </g>
              <defs>
                <clippath
                  id="prefix__clip0_16:2527"
                >
                  <path
                    d="M0 0h20v20H0z"
                    fill="#fff"
                  />
                </clippath>
              </defs>
            </svg>
          </div>
          <p
            class="sc-jRQBWg fUTGBT"
          />
        </div>
        <button
          class="sc-iCfMLu bYqbJR"
        >
          Register
        </button>
        <div
          class="sc-iqseJM jkXJTx"
        >
          Already have Account ?
          <a
            href="/login"
          >
            <p
              class="sc-crHmcD cNJMxQ"
              data-testid="signInLink"
            >
              Sign In
            </p>
          </a>
        </div>
      </form>
    </div>
  </div>,
  "debug": [Function],
  "findAllByAltText": [Function],
  "findAllByDisplayValue": [Function],
  "findAllByLabelText": [Function],
  "findAllByPlaceholderText": [Function],
  "findAllByRole": [Function],
  "findAllByTestId": [Function],
  "findAllByText": [Function],
  "findAllByTitle": [Function],
  "findByAltText": [Function],
  "findByDisplayValue": [Function],
  "findByLabelText": [Function],
  "findByPlaceholderText": [Function],
  "findByRole": [Function],
  "findByTestId": [Function],
  "findByText": [Function],
  "findByTitle": [Function],
  "getAllByAltText": [Function],
  "getAllByDisplayValue": [Function],
  "getAllByLabelText": [Function],
  "getAllByPlaceholderText": [Function],
  "getAllByRole": [Function],
  "getAllByTestId": [Function],
  "getAllByText": [Function],
  "getAllByTitle": [Function],
  "getByAltText": [Function],
  "getByDisplayValue": [Function],
  "getByLabelText": [Function],
  "getByPlaceholderText": [Function],
  "getByRole": [Function],
  "getByTestId": [Function],
  "getByText": [Function],
  "getByTitle": [Function],
  "queryAllByAltText": [Function],
  "queryAllByDisplayValue": [Function],
  "queryAllByLabelText": [Function],
  "queryAllByPlaceholderText": [Function],
  "queryAllByRole": [Function],
  "queryAllByTestId": [Function],
  "queryAllByText": [Function],
  "queryAllByTitle": [Function],
  "queryByAltText": [Function],
  "queryByDisplayValue": [Function],
  "queryByLabelText": [Function],
  "queryByPlaceholderText": [Function],
  "queryByRole": [Function],
  "queryByTestId": [Function],
  "queryByText": [Function],
  "queryByTitle": [Function],
  "rerender": [Function],
  "unmount": [Function],
}
`;
